// Vitest Snapshot v1, https://vitest.dev/guide/snapshot.html

exports[`privacy projection > snapshot of the key structure Aisha receives 1`] = `
[
  ".agreed",
  ".coordinator",
  ".counts",
  ".counts.complete",
  ".counts.total",
  ".counts.validYes",
  ".deadline",
  ".deadline.outcome",
  ".deadline.passed",
  ".focus",
  ".focus.activities",
  ".focus.counts",
  ".focus.counts.check",
  ".focus.counts.compromise",
  ".focus.counts.fits",
  ".focus.counts.limit",
  ".focus.dates",
  ".focus.days",
  ".focus.defaultEstimate",
  ".focus.destinationId",
  ".focus.isFocus",
  ".focus.key",
  ".focus.leave",
  ".focus.mine",
  ".focus.mine.budget",
  ".focus.mine.budget.comfortable",
  ".focus.mine.budget.max",
  ".focus.mine.correction",
  ".focus.mine.estimate",
  ".focus.mine.estimate.basis",
  ".focus.mine.estimate.high",
  ".focus.mine.estimate.kind",
  ".focus.mine.estimate.leg",
  ".focus.mine.estimate.leg.cost",
  ".focus.mine.estimate.leg.hours",
  ".focus.mine.estimate.leg.mode",
  ".focus.mine.estimate.low",
  ".focus.mine.estimate.mid",
  ".focus.mine.hints",
  ".focus.mine.journeyUrl",
  ".focus.mine.modelEstimate",
  ".focus.mine.modelEstimate.basis",
  ".focus.mine.modelEstimate.high",
  ".focus.mine.modelEstimate.kind",
  ".focus.mine.modelEstimate.leg",
  ".focus.mine.modelEstimate.leg.cost",
  ".focus.mine.modelEstimate.leg.hours",
  ".focus.mine.modelEstimate.leg.mode",
  ".focus.mine.modelEstimate.low",
  ".focus.mine.modelEstimate.mid",
  ".focus.mine.reasons",
  ".focus.mine.status",
  ".focus.mine.statusLabel",
  ".focus.name",
  ".focus.offReason",
  ".focus.offSeason",
  ".focus.past",
  ".focus.people",
  ".focus.people[].answer",
  ".focus.people[].name",
  ".focus.people[].outdated",
  ".focus.people[].status",
  ".focus.people[].statusLabel",
  ".focus.place",
  ".focus.season",
  ".focus.sharedAssumptions",
  ".focus.source",
  ".focus.start",
  ".focus.stored",
  ".focus.tags",
  ".focus.version",
  ".focus.worst",
  ".history",
  ".history[].at",
  ".history[].text",
  ".ideas",
  ".ideas[].activities",
  ".ideas[].counts",
  ".ideas[].counts.check",
  ".ideas[].counts.compromise",
  ".ideas[].counts.fits",
  ".ideas[].counts.limit",
  ".ideas[].dates",
  ".ideas[].days",
  ".ideas[].defaultEstimate",
  ".ideas[].destinationId",
  ".ideas[].isFocus",
  ".ideas[].key",
  ".ideas[].leave",
  ".ideas[].mine",
  ".ideas[].mine.budget",
  ".ideas[].mine.budget.comfortable",
  ".ideas[].mine.budget.max",
  ".ideas[].mine.correction",
  ".ideas[].mine.estimate",
  ".ideas[].mine.estimate.basis",
  ".ideas[].mine.estimate.high",
  ".ideas[].mine.estimate.kind",
  ".ideas[].mine.estimate.leg",
  ".ideas[].mine.estimate.leg.cost",
  ".ideas[].mine.estimate.leg.hours",
  ".ideas[].mine.estimate.leg.mode",
  ".ideas[].mine.estimate.low",
  ".ideas[].mine.estimate.mid",
  ".ideas[].mine.hints",
  ".ideas[].mine.journeyUrl",
  ".ideas[].mine.modelEstimate",
  ".ideas[].mine.modelEstimate.basis",
  ".ideas[].mine.modelEstimate.high",
  ".ideas[].mine.modelEstimate.kind",
  ".ideas[].mine.modelEstimate.leg",
  ".ideas[].mine.modelEstimate.leg.cost",
  ".ideas[].mine.modelEstimate.leg.hours",
  ".ideas[].mine.modelEstimate.leg.mode",
  ".ideas[].mine.modelEstimate.low",
  ".ideas[].mine.modelEstimate.mid",
  ".ideas[].mine.reasons",
  ".ideas[].mine.status",
  ".ideas[].mine.statusLabel",
  ".ideas[].name",
  ".ideas[].offReason",
  ".ideas[].offSeason",
  ".ideas[].past",
  ".ideas[].people",
  ".ideas[].people[].answer",
  ".ideas[].people[].name",
  ".ideas[].people[].outdated",
  ".ideas[].people[].status",
  ".ideas[].people[].statusLabel",
  ".ideas[].place",
  ".ideas[].season",
  ".ideas[].sharedAssumptions",
  ".ideas[].source",
  ".ideas[].start",
  ".ideas[].stored",
  ".ideas[].tags",
  ".ideas[].version",
  ".ideas[].worst",
  ".me",
  ".me.prefs",
  ".me.prefs.budget_comfortable",
  ".me.prefs.budget_max",
  ".me.prefs.complete",
  ".me.prefs.home_city",
  ".me.prefs.leave_days",
  ".me.prefs.max_travel_hours",
  ".me.prefs.member",
  ".me.prefs.note_private",
  ".me.prefs.parsed_limits",
  ".me.prefs.slots",
  ".me.prefs.updated_at",
  ".me.prefs.vibes",
  ".me.prefs.wont_do",
  ".orderingRule",
  ".outcomes",
  ".people",
  ".people[].answer",
  ".people[].isCoordinator",
  ".people[].isMe",
  ".people[].joined",
  ".people[].name",
  ".people[].noteShared",
  ".people[].reasonChip",
  ".people[].reopenReason",
  ".people[].state",
  ".people[].statusLabel",
  ".people[].statusOnFocus",
  ".policy",
  ".privacyNote",
  ".reasonChips",
  ".reasonChips[].id",
  ".reasonChips[].label",
  ".room",
  ".room.coordinator",
  ".room.deadlineAt",
  ".room.deadlineLabel",
  ".room.focusId",
  ".room.id",
  ".room.isDemo",
  ".room.name",
  ".room.status",
  ".room.tripDays",
  ".room.windowEnd",
  ".room.windowStart",
  ".slots",
  ".slots[].label",
  ".slots[].leave",
  ".slots[].start",
  ".suggestionsReady",
  ".viewer",
  ".viewer.coordinator",
  ".viewer.name",
  ".viewer.policyAcked",
]
`;
